// Jest Snapshot v1, https://goo.gl/fbAQLP

exports[`<Hamburger /> snapshot matches 1`] = `
<div
  className="hamburger hidden-md-up container-fluid"
>
  <div
    onClick={[Function]}
  >
    <i
      className="fa fa-bars"
    />
     MENU
  </div>
</div>
`;

exports[`<Loader /> snapshot matches 1`] = `
<div
  className="portfolio-detail-loading"
  style={
    Object {
      "color": "red",
      "height": "100px",
    }
  }
>
  <i
    className="fa fa-refresh fa-spin fa-5x fa-fw"
  />
  <div
    className="caption"
  >
    Stay tuned...
  </div>
</div>
`;
