// Jest Snapshot v1, https://goo.gl/fbAQLP

exports[`<Loader /> snapshot matches 1`] = `
<div
  className="portfolio-detail-loading"
  style={
    Object {
      "color": "red",
      "height": "100px",
    }
  }
>
  <i
    className="fa fa-refresh fa-spin fa-5x fa-fw"
  />
  <div
    className="caption"
  >
    Stay tuned...
  </div>
</div>
`;
